[backblue.gif]
[fade.gif]
[index.html]
[mir2.mironline.co.kr/sitelib/jquery-1.7.2.min.js]
[mir2.mironline.co.kr/sitelib/commonab8d.js]
[mir2.mironline.co.kr/sitelib/jquery.touchswipe.js]
[mir2.mironline.co.kr/sitelib/jQuery.fadeslide.js]
[mir2.mironline.co.kr/sitelib/jQuery.slide.navi.js]
[cdnjs.cloudflare.com/ajax/libs/jsencrypt/2.3.1/jsencrypt.min.js]
[mir2.mironline.co.kr/sitelib/onestop/js_gnb_yd3ba1.js]
[web-cdn.mironline.co.kr/mir2/2013_grand/main/h1_mir2_logo_main.jpg]
[web-cdn.mironline.co.kr/mir2/2013_grand/common/mir2_grade20f7.png]
[web-cdn.mironline.co.kr/mir2/2013_grand/contents/title_login.jpg]
[web-cdn.mironline.co.kr/mir2/2013_grand/contents/btn_login.jpg]
[web-cdn.mironline.co.kr/mir2/2013_grand/contents/btn_gamedown.jpg]
[upload.mironline.co.kr/sim/10/20241010094753.png]
[upload.mironline.co.kr/sim/10/20211013095858.png]
[web-cdn.mironline.co.kr/mir2/2013_grand/main/title_new.png]
[web-cdn.mironline.co.kr/mir2/2013_grand/main/title_diction.png]
[upload.mironline.co.kr/sim/09/20240905002641.png]
[upload.mironline.co.kr/sim/09/20240904130843.png]
[upload.mironline.co.kr/sim/09/20240904142502.png]
[web-cdn.mironline.co.kr/mir2/2013_grand/main/btn_search.gif]
[web-cdn.mironline.co.kr/mir2/2013_grand/main/title_ranking.png]
[web-cdn.mironline.co.kr/mir2/2013_grand/main/btn_charge.gif]
[web-cdn.mironline.co.kr/mir2/2013_grand/main/btn_aq.gif]
[web-cdn.mironline.co.kr/mir2/2013_grand/main/btn_junior.gif]
[web-cdn.mironline.co.kr/mir2/2013_grand/main/btn_senior.gif]
[web-cdn.mironline.co.kr/gnb/images/layer/btn/glayer_today_bg.gif]
[mir2.mironline.co.kr/sitelib/onestop/common_footer_yd7b44.js]
[mir2.mironline.co.kr/main.html]
[web-cdn.mironline.co.kr/mir2/2013_grand/common/bg_mir.gif]
[web-cdn.mironline.co.kr/mir2/2013_grand/main/bg_top.png]
[web-cdn.mironline.co.kr/mir2/2013_grand/main/bg_bottom.png]
[web-cdn.mironline.co.kr/mir2/2013_grand/common/mnavigation.png]
[web-cdn.mironline.co.kr/mir2/2013_grand/contents/id_input.gif]
[web-cdn.mironline.co.kr/mir2/2013_grand/contents/pw_input.gif]
[web-cdn.mironline.co.kr/mir2/2013_grand/contents/bg_line.jpg]
[web-cdn.mironline.co.kr/mir2/2013_grand/common/gameInfo.png]
[web-cdn.mironline.co.kr/mir2/2013_grand/main/ic_navi3.png]
[web-cdn.mironline.co.kr/mir2/2013_grand/main/ic_paging.png]
[web-cdn.mironline.co.kr/wemade/gate/2012_main/bg_transparent.gif]
[web-cdn.mironline.co.kr/mir2/2013_grand/main/ic_more.png]
[web-cdn.mironline.co.kr/mir2/2013_grand/main/ic_navi2.gif]
[web-cdn.mironline.co.kr/mir2/2013_grand/main/item_navi_wrap.gif]
[web-cdn.mironline.co.kr/mir2/2013_grand/main/ic_navi.gif]
[web-cdn.mironline.co.kr/mir2/2013_grand/main/ic_navi_on.gif]
[web-cdn.mironline.co.kr/mir2/2013_grand/contents/bg_itembox.gif]
[web-cdn.mironline.co.kr/mir2/2013_grand/main/bg_search.png]
[web-cdn.mironline.co.kr/mir2/2013_grand/main/diction_thumb.gif]
[web-cdn.mironline.co.kr/mir2/2013_grand/main/bg_search_txt.gif]
[web-cdn.mironline.co.kr/mir2/2013_grand/common/ic_ranking.png]
[mir2.mironline.co.kr/sitelib/main.css]
[web-cdn.mironline.co.kr/mir2/2013_grand/common/mnavigation_new.png]
[web-cdn.mironline.co.kr/mir2/2013_grand/common/bg_selectbox.gif]
[mir2.mironline.co.kr/sitelib/contents_new.css]
[web-cdn.mironline.co.kr/mir2/common/img/blank.png]
[web-cdn.mironline.co.kr/mir2/2016_event/cash_shop/images/notice.png]
[web-cdn.mironline.co.kr/mir2/2016_event/cash_shop/images/coin_pop.png]
[web-cdn.mironline.co.kr/mir2/2016_event/cash_shop/images/item_pop.png]
[web-cdn.mironline.co.kr/mir2/2016_event/cash_shop/shop_contents2.css]
[mir2.mironline.co.kr/sitelib/jquery.verticalRolling.js]
[mir2.mironline.co.kr/sitelib/jQuery.formSelectbox.js]
[mir2.mironline.co.kr/sitelib/jQuery.modal.js]
[mir2.mironline.co.kr/sitelib/sub_ui.js]
[mir2.mironline.co.kr/sitelib/ranking.js]
[bbs.mironline.co.kr/js/common/domain.js]
[bbs.mironline.co.kr/js/common/BbsIframe.js]
[web-cdn.mironline.co.kr/mir2/2013_grand/contents/h2_news.png]
[web-cdn.mironline.co.kr/mir2/2013_grand/contents/menu_news01_on.png]
[web-cdn.mironline.co.kr/mir2/2013_grand/contents/menu_news02_off.png]
[web-cdn.mironline.co.kr/mir2/2013_grand/contents/menu_news03_off.png]
[web-cdn.mironline.co.kr/mir2/2013_grand/contents/btn_search.gif]
[web-cdn.mironline.co.kr/mir2/2013_grand/contents/btn_info1.gif]
[web-cdn.mironline.co.kr/mir2/2013_grand/contents/btn_info2.gif]
[mir2.mironline.co.kr/community/mir2noticeAll.html]
[web-cdn.mironline.co.kr/mir2/2013_grand/contents/menu_news01_off.png]
[web-cdn.mironline.co.kr/mir2/2013_grand/contents/menu_news02_on.png]
[mir2.mironline.co.kr/community/mir2event.html]
[web-cdn.mironline.co.kr/mir2/2016_event/cash_shop/images/item.png]
[web-cdn.mironline.co.kr/mir2/2013_grand/contents/menu_news03_on.png]
[web-cdn.mironline.co.kr/mir2/2013_grand/contents/h3_rank.png]
[web-cdn.mironline.co.kr/mir2/2013_grand/contents/ic_home.png]
[web-cdn.mironline.co.kr/mir2/2013_grand/contents/2.png]
[web-cdn.mironline.co.kr/mir2/2013_grand/contents/0.png]
[web-cdn.mironline.co.kr/mir2/2013_grand/contents/4.png]
[web-cdn.mironline.co.kr/mir2/2013_grand/contents/dot.png]
[web-cdn.mironline.co.kr/mir2/2013_grand/contents/1.png]
[web-cdn.mironline.co.kr/mir2/2013_grand/contents/9.png]
[web-cdn.mironline.co.kr/mir2/2013_grand/contents/charsearch_title.gif]
[web-cdn.mironline.co.kr/mir2/2013_grand/contents/title_rank.png]
[web-cdn.mironline.co.kr/mir2/2013_grand/contents/btn_more.gif]
[web-cdn.mironline.co.kr/mir2/2013_grand/contents/btn_top.gif]
[mir2.mironline.co.kr/ranking/ranking.html]
[web-cdn.mironline.co.kr/mir2/2013_grand/contents/h2_library.png]
[web-cdn.mironline.co.kr/mir2/2013_grand/contents/menu_library01_on.png]
[web-cdn.mironline.co.kr/mir2/2013_grand/contents/menu_library02_off.png]
[web-cdn.mironline.co.kr/mir2/2013_grand/contents/h3_about.png]
[web-cdn.mironline.co.kr/mir2/2013_grand/contents/about1.jpg]
[web-cdn.mironline.co.kr/mir2/2013_grand/contents/about2.jpg]
[web-cdn.mironline.co.kr/mir2/2013_grand/contents/about3.jpg]
[web-cdn.mironline.co.kr/mir2/2013_grand/contents/about4.jpg]
[web-cdn.mironline.co.kr/mir2/2013_grand/contents/about5.jpg]
[web-cdn.mironline.co.kr/mir2/2013_grand/contents/about6.jpg]
[web-cdn.mironline.co.kr/mir2/2013_grand/contents/about7.jpg]
[web-cdn.mironline.co.kr/mir2/2013_grand/contents/about8.jpg]
[web-cdn.mironline.co.kr/mir2/2013_grand/contents/about9.jpg]
[web-cdn.mironline.co.kr/mir2/2013_grand/contents/about10.jpg]
[web-cdn.mironline.co.kr/mir2/2013_grand/contents/about11.jpg]
[web-cdn.mironline.co.kr/mir2/2013_grand/contents/about12.png]
[web-cdn.mironline.co.kr/mir2/2013_grand/contents/about13.png]
[mir2.mironline.co.kr/sitelib/img/about10.jpg]
[mir2.mironline.co.kr/sitelib/img/about12.jpg]
[mir2.mironline.co.kr/guide/story.html]
[web-cdn.mironline.co.kr/mir2/2013_grand/contents/menu_library01_off.png]
[web-cdn.mironline.co.kr/mir2/2013_grand/contents/menu_library02_on.png]
[web-cdn.mironline.co.kr/mir2/2013_grand/contents/h3_library.png]
[web-cdn.mironline.co.kr/mir2/2013_grand/contents/btn_info_01.jpg]
[web-cdn.mironline.co.kr/mir2/2013_grand/contents/btn_info_02.jpg]
[web-cdn.mironline.co.kr/mir2/2013_grand/contents/title_newupdate.png]
[web-cdn.mironline.co.kr/mir2/2013_grand/contents/title_mainupdate.png]
[web-cdn.mironline.co.kr/mir2/2013_grand/contents/title_diclist.png]
[web-cdn.mironline.co.kr/mir2/2013_grand/contents/dictitle01.gif]
[web-cdn.mironline.co.kr/mir2/2013_grand/contents/dictitle02.gif]
[web-cdn.mironline.co.kr/mir2/2013_grand/contents/dictitle03.gif]
[web-cdn.mironline.co.kr/mir2/2013_grand/contents/dictitle04.gif]
[web-cdn.mironline.co.kr/mir2/2013_grand/contents/ic_new.gif]
[web-cdn.mironline.co.kr/mir2/2013_grand/contents/dictitle05.gif]
[web-cdn.mironline.co.kr/mir2/2013_grand/contents/dictitle06.gif]
[web-cdn.mironline.co.kr/mir2/2013_grand/contents/dictitle07.gif]
[mir2.mironline.co.kr/dic/main.html]
[web-cdn.mironline.co.kr/mir2/2013_grand/contents/h2_story.png]
[web-cdn.mironline.co.kr/mir2/2013_grand/contents/menu_story01_on.png]
[web-cdn.mironline.co.kr/mir2/2013_grand/contents/menu_story02_off.png]
[web-cdn.mironline.co.kr/mir2/2013_grand/contents/menu_story03_off.png]
[mir2.mironline.co.kr/community/mir2free.html]
[web-cdn.mironline.co.kr/mir2/2013_grand/contents/menu_story01_off.png]
[web-cdn.mironline.co.kr/mir2/2013_grand/contents/menu_story02_on.png]
[mir2.mironline.co.kr/community/mir2screen.html]
[web-cdn.mironline.co.kr/mir2/2013_grand/contents/menu_story03_on.png]
[mir2.mironline.co.kr/community/mir2test.html]
[web-cdn.mironline.co.kr/mir2/2013_grand/contents/h2_pds.png]
[web-cdn.mironline.co.kr/mir2/2013_grand/contents/menu_pds01_on.png]
[web-cdn.mironline.co.kr/mir2/2013_grand/contents/menu_pds02_off.png]
[web-cdn.mironline.co.kr/mir2/2013_grand/contents/menu_pds03_off.png]
[web-cdn.mironline.co.kr/mir2/2013_grand/contents/h3_gamedown.png]
[web-cdn.mironline.co.kr/mir2/2013_grand/contents/btn_faq.gif]
[web-cdn.mironline.co.kr/mir2/2013_grand/contents/h4_gamedown.gif]
[web-cdn.mironline.co.kr/mir2/2013_grand/contents/gamedown_link.jpg]
[web-cdn.mironline.co.kr/mir2/2013_grand/contents/h4_system.gif]
[web-cdn.mironline.co.kr/mir2/2013_grand/contents/th_minspec.gif]
[web-cdn.mironline.co.kr/mir2/2013_grand/contents/th_spec.gif]
[mir2.mironline.co.kr/pds/clientdownload.html]
[web-cdn.mironline.co.kr/mir2/2013_grand/contents/menu_pds01_off.png]
[web-cdn.mironline.co.kr/mir2/2013_grand/contents/menu_pds02_on.png]
[web-cdn.mironline.co.kr/mir2/2013_grand/contents/h3_movie.png]
[mir2.mironline.co.kr/sitelib/mmovieList.js]
[web-cdn.mironline.co.kr/mir2/2013_grand/contents/movie_banner_01.jpg]
[web-cdn.mironline.co.kr/mir2/2013_grand/contents/movie_banner_02.jpg]
[web-cdn.mironline.co.kr/mir2/2013_grand/contents/movie_banner_03.jpg]
[web-cdn.mironline.co.kr/mir2/2013_grand/contents/movie_banner_04.jpg]
[web-cdn.mironline.co.kr/mir2/2013_grand/contents/movie_banner_05.jpg]
[mir2.mironline.co.kr/guide/movieList.html]
[web-cdn.mironline.co.kr/mir2/2013_grand/contents/menu_pds03_on.png]
[web-cdn.mironline.co.kr/mir2/2013_grand/contents/h3_gallery.png]
[web-cdn.mironline.co.kr/mir2/2013_grand/guide/img_gallery_10.jpg]
[web-cdn.mironline.co.kr/mir2/2013_grand/guide/img_gallery_11.jpg]
[web-cdn.mironline.co.kr/mir2/2013_grand/guide/img_gallery_01.jpg]
[web-cdn.mironline.co.kr/mir2/2013_grand/guide/img_gallery_02.jpg]
[web-cdn.mironline.co.kr/mir2/2013_grand/guide/img_gallery_03.jpg]
[web-cdn.mironline.co.kr/mir2/2013_grand/guide/img_gallery_04.jpg]
[web-cdn.mironline.co.kr/mir2/2013_grand/guide/img_gallery_05.jpg]
[web-cdn.mironline.co.kr/mir2/2013_grand/guide/img_gallery_06.jpg]
[web-cdn.mironline.co.kr/mir2/2013_grand/guide/img_gallery_07.jpg]
[web-cdn.mironline.co.kr/mir2/2013_grand/guide/img_gallery_08.jpg]
[web-cdn.mironline.co.kr/mir2/2013_grand/guide/img_gallery_09.jpg]
[mir2.mironline.co.kr/guide/galleryList.html]
[web-cdn.mironline.co.kr/mir2/2013_grand/contents/h2_customer.png]
[web-cdn.mironline.co.kr/mir2/2013_grand/contents/menu_customer01_off.png]
[web-cdn.mironline.co.kr/mir2/2013_grand/contents/menu_customer02_off.png]
[web-cdn.mironline.co.kr/mir2/2013_grand/contents/menu_customer03_off.png]
[web-cdn.mironline.co.kr/mir2/2016_event/cash_shop/images/h3_cashshop.png]
[web-cdn.mironline.co.kr/mir2/2016_event/cash_shop/images/mir2_coin_btn.jpg]
[upload.mironline.co.kr/sim-stage/10/20241008121948.png]
[web-cdn.mironline.co.kr/mir2/2016_event/cash_shop/images/buy_btn2.jpg]
[mir2.mironline.co.kr/hwan/store.html]
[mir2.mironline.co.kr/community/mir2notice.html]
[mir2.mironline.co.kr/_on.html]
[web-cdn.mironline.co.kr/ui/common/jquery/jquery-1.7.2.min.js]
[web-cdn.mironline.co.kr/ui/common/jquery/jquery-1.12.4.min.js]
[web-cdn.mironline.co.kr/mir2/popup/20201230/final_mir2.jpg]
[mir2.mironline.co.kr/event/20210127.html]
[mir2.mironline.co.kr/sitelib/common.css]
[web-cdn.mironline.co.kr/mir2/2013_grand/contents/bg_top1.png]
[web-cdn.mironline.co.kr/mir2/2013_grand/contents/bg_top2.png]
[web-cdn.mironline.co.kr/mir2/2013_grand/contents/bg_top3.png]
[web-cdn.mironline.co.kr/mir2/2013_grand/contents/bg_top4.png]
[web-cdn.mironline.co.kr/mir2/2013_grand/contents/bg_top6.png]
[web-cdn.mironline.co.kr/mir2/2013_grand/contents/bg_bottom.png]
[web-cdn.mironline.co.kr/mir2/2013_grand/contents/bg_content01.png]
[web-cdn.mironline.co.kr/mir2/2013_grand/contents/bg_content02.png]
[web-cdn.mironline.co.kr/mir2/2013_grand/contents/bg_content03.png]
[web-cdn.mironline.co.kr/mir2/2013_grand/contents/bg_content04.png]
[web-cdn.mironline.co.kr/mir2/2013_grand/contents/bg_content06.png]
[web-cdn.mironline.co.kr/mir2/2013_grand/contents/bg_content07.png]
[web-cdn.mironline.co.kr/mir2/2013_grand/contents/dicsearch_input.gif]
[web-cdn.mironline.co.kr/mir2/2013_grand/contents/bg_important_news.png]
[web-cdn.mironline.co.kr/mir2/2013_grand/contents/search_tab_on.gif]
[web-cdn.mironline.co.kr/mir2/2013_grand/contents/bg_thead.png]
[web-cdn.mironline.co.kr/mir2/2013_grand/contents/search_input.gif]
[web-cdn.mironline.co.kr/mir2/2013_grand/contents/bg_dicbox.png]
[web-cdn.mironline.co.kr/mir2/2013_grand/contents/bg_search_txt.gif]
[web-cdn.mironline.co.kr/mir2/2013_grand/contents/bg_popular.gif]
[web-cdn.mironline.co.kr/mir2/2013_grand/contents/diction_thumb.gif]
[web-cdn.mironline.co.kr/mir2/2013_grand/contents/bg_diclist.gif]
[web-cdn.mironline.co.kr/mir2/2013_grand/contents/bg_title.png]
[web-cdn.mironline.co.kr/mir2/2013_grand/contents/bg_comment_thumb.jpg]
[web-cdn.mironline.co.kr/mir2/2013_grand/contents/update_desc.png]
[web-cdn.mironline.co.kr/mir2/2013_grand/contents/ic_rankdown.png]
[web-cdn.mironline.co.kr/mir2/2013_grand/contents/ic_rankup.png]
[web-cdn.mironline.co.kr/mir2/2013_grand/contents/bg_more.gif]
[web-cdn.mironline.co.kr/mir2/2013_grand/contents/bg_recommend_item.png]
[web-cdn.mironline.co.kr/mir2/2013_grand/contents/diction_thumb.png]
[web-cdn.mironline.co.kr/mir2/2013_grand/contents/screen_thumb.gif]
[web-cdn.mironline.co.kr/mir2/2013_grand/contents/bg_navi.gif]
[web-cdn.mironline.co.kr/mir2/2013_grand/contents/img_wrap.gif]
[web-cdn.mironline.co.kr/mir2/2013_grand/contents/btn_navi_on.gif]
[web-cdn.mironline.co.kr/mir2/2013_grand/contents/btn_navi.gif]
[web-cdn.mironline.co.kr/mir2/2013_grand/contents/search_first_on.gif]
[web-cdn.mironline.co.kr/mir2/2013_grand/contents/search_dot.gif]
[web-cdn.mironline.co.kr/mir2/2013_grand/contents/search_linkdot.gif]
[web-cdn.mironline.co.kr/mir2/2013_grand/contents/bg_download_table.gif]
[web-cdn.mironline.co.kr/mir2/2013_grand/contents/bg_graph.gif]
[mir2.mironline.co.kr/sitelib/contents.css]
[web-cdn.mironline.co.kr/mir2/2013_grand/contents/btn_close.gif]
[web-cdn.mironline.co.kr/mir2/2013_grand/contents/herosearch_title.gif]
[web-cdn.mironline.co.kr/mir2/2013_grand/contents/title_hero.png]
[mir2.mironline.co.kr/ranking/rankingHero.html]
[web-cdn.mironline.co.kr/ui/common/plugin/jquery.touchswipe.js]
[mir2.mironline.co.kr/sitelib/activex.js]
[mir2.mironline.co.kr/sitelib/js_common_activex.js]
[web-cdn.mironline.co.kr/mir2/2013_grand/contents/h4_pcspec.gif]
[web-cdn.mironline.co.kr/mir2/2013_grand/contents/btn_pcspec.jpg]
[mir2.mironline.co.kr/pds/pcCheck.html]
[web-cdn.mironline.co.kr/official/201211/web/kr/corp/common/@game_image.html]
[onestop.mironline.co.kr/login/security.html]
[web-cdn.mironline.co.kr/mir2/2013_grand/contents/bg_top2.png]
[web-cdn.mironline.co.kr/mir2/2013_grand/contents/bg_top3.png]
[web-cdn.mironline.co.kr/mir2/2013_grand/contents/bg_top5.html]
[web-cdn.mironline.co.kr/mir2/2013_grand/contents/bg_top4.png]
[web-cdn.mironline.co.kr/mir2/2013_grand/contents/bg_top6.png]
[web-cdn.mironline.co.kr/mir2/2013_grand/contents/bg_bottom.png]
[web-cdn.mironline.co.kr/mir2/2013_grand/contents/bg_content05.html]
[web-cdn.mironline.co.kr/mir2/2013_grand/contents/bg_dicbox.html]
[web-cdn.mironline.co.kr/mir2/2013_grand/contents/bg_top6.png]
[web-cdn.mironline.co.kr/mir2/2013_grand/contents/bg_top3.png]
[web-cdn.mironline.co.kr/mir2/2013_grand/contents/bg_top4.png]
